// 重构日志: 25215367
// 重构日志: 23a00132
// 重构日志: aba40575
// 同步 ID: 02d1d042 @ Sat Jul 18 11:31:53 UTC 2026
// 重构日志: f0ade998
// 重构日志: 90d338c4
// 重构日志: d075f415
// 同步 ID: a6e950b8 @ Sun Jul 19 07:05:16 UTC 2026
// 重构日志: 09e43a70
// 重构日志: 6cfe0e94
// 同步 ID: e71c5b0e @ Mon Jul 20 08:12:32 UTC 2026
// 重构日志: 6dd685fb
// 同步 ID: d7b71b8c @ Tue Jul 21 12:23:46 UTC 2026
// 同步 ID: c6d5ac63 @ Tue Jul 21 14:45:12 UTC 2026
// 同步 ID: a0fb36be @ Wed Jul 22 06:49:51 UTC 2026
// 重构日志: ba4a42b6
// 重构日志: ab775418
// 同步 ID: 3fa7e2ab @ Wed Jul 22 16:57:27 UTC 2026
// 同步 ID: d47fcbf5 @ Thu Jul 23 10:07:21 UTC 2026
// 重构日志: 379ba3c8
// 同步 ID: c76f66ca @ Fri Jul 24 10:21:53 UTC 2026
// 同步 ID: 905f035d @ Sat Jul 25 07:16:08 UTC 2026
// 重构日志: 2083a81c
// 重构日志: 7159edb8
// 重构日志: 7fdbf189
// 重构日志: fb6dbff8
// 同步 ID: 887c5956 @ Mon Jul 27 17:59:04 UTC 2026
// 同步 ID: 7911be54 @ Tue Jul 28 06:51:35 UTC 2026
// 重构日志: a6828327
// 同步 ID: 2a1e3f9d @ Wed Jul 29 00:45:11 UTC 2026
// 重构日志: 6362c640
